[
    {
        "workout": {
            "points": [
                {
                    "time": "2014-05-30T17:12:58+00:00",
                    "lat": "53.551075",
                    "lon": "9.993672",
                    "ele": 11,
                    "extensions": {
                        "HR": 78
                    }
                },
                {
                    "time": "2014-05-30T17:12:59+00:00",
                    "lat": "53.550085",
                    "lon": "9.992682",
                    "ele": 10,
                    "extensions": {
                        "HR": 88
                    }
                }
            ]
        }
    },
    {
        "workout": {
            "points": [
                {
                    "time": "2014-05-30T17:13:00+00:00",
                    "lat": "53.549075",
                    "lon": "9.991672",
                    "ele": 9,
                    "extensions": {
                        "HR": 98
                    }
                },
                {
                    "time": "2014-05-30T17:13:01+00:00",
                    "lat": "53.548085",
                    "lon": "9.990682",
                    "ele": 8,
                    "extensions": {
                        "HR": 108
                    }
                }
            ]
        }
    }
]