[
    {
        "trainingLoad": "<li class='full'><\/li><li class='full'><\/li><li class='full'><\/li><li><\/li><li><\/li>",
        "title": "00:30:50;6.14339990234375km",
        "type": "EXERCISE",
        "listItemId": 83644588,
        "timestamp": 1430492478000,
        "start": 1430492478,
        "end": 1430494328,
        "allDay": false,
        "iconUrl": "https:\/\/d9snzuuztz987.cloudfront.net\/ecosystem\/sport\/icon\/921e0b87a7a6f6071eb3b7b2d6a16db8-2014-06-16_07_01_31",
        "url": "\/training\/analysis\/83644588",
        "borderColor": "#A9D0F5",
        "textColor": "#000",
        "datetime": "2015-05-01T15:01:18.000Z",
        "eventType": "exercise",
        "duration": 1850625,
        "distance": 6143.3999023438,
        "calories": 615
    },
    {
        "trainingLoad": "<li class='full'><\/li><li class='full'><\/li><li class='full'><\/li><li class='full'><\/li><li><\/li>",
        "title": "00:52:05;10.048099609375km",
        "type": "OTHER",
        "listItemId": 83644630,
        "timestamp": 1430574057000,
        "start": 1430574057,
        "end": 1430577182,
        "allDay": false,
        "iconUrl": "https:\/\/d9snzuuztz987.cloudfront.net\/ecosystem\/sport\/icon\/921e0b87a7a6f6071eb3b7b2d6a16db8-2014-06-16_07_01_31",
        "url": "\/training\/analysis\/83644630",
        "borderColor": "#A9D0F5",
        "textColor": "#000",
        "datetime": "2015-05-02T13:40:57.000Z",
        "eventType": "exercise",
        "duration": 3125625,
        "distance": 10048.099609375,
        "calories": 1037
    },
    {
        "trainingLoad": "<li class='full'><\/li><li class='full'><\/li><li class='full'><\/li><li class='full'><\/li><li class='full'><\/li>",
        "title": "00:54:16;11.0145km",
        "type": "EXERCISE",
        "listItemId": 87280789,
        "timestamp": 1431282454000,
        "start": 1431282454,
        "end": 1431285710,
        "allDay": false,
        "iconUrl": "https:\/\/d9snzuuztz987.cloudfront.net\/ecosystem\/sport\/icon\/921e0b87a7a6f6071eb3b7b2d6a16db8-2014-06-16_07_01_31",
        "url": "\/training\/analysis\/87280789",
        "borderColor": "#A9D0F5",
        "textColor": "#000",
        "datetime": "2015-05-10T18:27:34.000Z",
        "eventType": "exercise",
        "duration": 3256250,
        "distance": 11014.5,
        "calories": 1161
    }
]